// Jest Snapshot v1, https://goo.gl/fbAQLP

exports[`should render not found page correctly 1`] = `
<div>
  404! - 
  <Link
    replace={false}
    to="/dashboard"
  >
    Go home
  </Link>
</div>
`;
